// Jest Snapshot v1, https://goo.gl/fbAQLP

exports[`Button test 1`] = `
<button
  className="sc-bdVaJa fePDys"
  onClick={[Function]}
/>
`;
